[Multicast] joining 224.5.23.2 on 0.0.0.0
[Multicast] joined 224.5.23.2 on 0.0.0.0

prm planner, scenario 1 (7 obstacles at 1.0 m/s), always trigger, robot 1.5 m/s
Running 60 discrete trials, seed 0, 30s timeout each.

  sample 1/60: arrived=True  replans=105 nav_s= 5.29 collisions=3 reversals=3
  sample 2/60: arrived=True  replans= 86 nav_s= 4.33 collisions=3 reversals=5
  sample 3/60: arrived=True  replans= 92 nav_s= 5.31 collisions=3 reversals=7
  sample 4/60: arrived=True  replans= 66 nav_s= 3.55 collisions=3 reversals=1
  sample 5/60: arrived=True  replans= 57 nav_s= 3.09 collisions=1 reversals=6
  sample 6/60: arrived=True  replans= 91 nav_s= 4.80 collisions=2 reversals=7
  sample 7/60: arrived=True  replans= 80 nav_s= 4.31 collisions=1 reversals=9
  sample 8/60: arrived=True  replans= 73 nav_s= 3.80 collisions=3 reversals=10
  sample 9/60: arrived=True  replans=117 nav_s= 6.13 collisions=0 reversals=30
  sample 10/60: arrived=True  replans= 58 nav_s= 2.96 collisions=1 reversals=3
  sample 11/60: arrived=True  replans=116 nav_s= 7.08 collisions=3 reversals=34
  sample 12/60: arrived=True  replans=159 nav_s= 9.03 collisions=3 reversals=22
  sample 13/60: arrived=True  replans=278 nav_s=17.32 collisions=5 reversals=31
  sample 14/60: arrived=True  replans=164 nav_s=10.78 collisions=5 reversals=11
  sample 15/60: arrived=True  replans=196 nav_s=11.79 collisions=2 reversals=22
  sample 16/60: arrived=True  replans=164 nav_s=10.13 collisions=5 reversals=3
  sample 17/60: arrived=True  replans=117 nav_s= 7.01 collisions=5 reversals=6
  sample 18/60: arrived=True  replans=186 nav_s=11.34 collisions=1 reversals=27
  sample 19/60: arrived=True  replans= 86 nav_s= 5.20 collisions=4 reversals=3
  sample 20/60: arrived=True  replans=102 nav_s= 5.83 collisions=2 reversals=13
  sample 21/60: arrived=True  replans=141 nav_s= 9.43 collisions=5 reversals=7
  sample 22/60: arrived=True  replans=155 nav_s= 8.92 collisions=2 reversals=33
  sample 23/60: arrived=True  replans=147 nav_s= 8.81 collisions=2 reversals=18
  sample 24/60: arrived=True  replans=125 nav_s= 7.26 collisions=2 reversals=14
  sample 25/60: arrived=True  replans=129 nav_s= 7.71 collisions=2 reversals=16
  sample 26/60: arrived=True  replans=159 nav_s= 8.47 collisions=2 reversals=55
  sample 27/60: arrived=True  replans= 67 nav_s= 3.77 collisions=3 reversals=6
  sample 28/60: arrived=True  replans= 92 nav_s= 5.43 collisions=1 reversals=12
  sample 29/60: arrived=True  replans=109 nav_s= 6.28 collisions=3 reversals=6
  sample 30/60: arrived=True  replans=147 nav_s= 8.84 collisions=3 reversals=11
  sample 31/60: arrived=True  replans=130 nav_s= 7.31 collisions=4 reversals=19
  sample 32/60: arrived=True  replans=239 nav_s=13.77 collisions=1 reversals=53
  sample 33/60: arrived=True  replans=102 nav_s= 6.13 collisions=1 reversals=8
  sample 34/60: arrived=True  replans=130 nav_s= 7.67 collisions=1 reversals=24
  sample 35/60: arrived=True  replans=105 nav_s= 6.28 collisions=2 reversals=13
  sample 36/60: arrived=True  replans=137 nav_s= 7.94 collisions=6 reversals=17
  sample 37/60: arrived=True  replans=148 nav_s= 9.06 collisions=3 reversals=6
  sample 38/60: arrived=True  replans=148 nav_s= 8.99 collisions=7 reversals=11
  sample 39/60: arrived=True  replans=146 nav_s= 9.30 collisions=0 reversals=28
  sample 40/60: arrived=True  replans=128 nav_s= 7.79 collisions=2 reversals=15
  sample 41/60: arrived=True  replans= 88 nav_s= 5.28 collisions=1 reversals=13
  sample 42/60: arrived=True  replans=161 nav_s= 9.39 collisions=3 reversals=29
  sample 43/60: arrived=True  replans=145 nav_s= 8.85 collisions=0 reversals=27
  sample 44/60: arrived=True  replans=145 nav_s= 8.28 collisions=3 reversals=31
  sample 45/60: arrived=True  replans=163 nav_s= 9.73 collisions=3 reversals=34
  sample 46/60: arrived=True  replans= 74 nav_s= 4.25 collisions=3 reversals=8
  sample 47/60: arrived=True  replans=145 nav_s= 8.73 collisions=2 reversals=31
  sample 48/60: arrived=True  replans= 93 nav_s= 5.53 collisions=2 reversals=6
  sample 49/60: arrived=True  replans= 99 nav_s= 5.84 collisions=3 reversals=9
  sample 50/60: arrived=True  replans=102 nav_s= 6.03 collisions=3 reversals=4
  sample 51/60: arrived=True  replans= 84 nav_s= 4.84 collisions=3 reversals=0
  sample 52/60: arrived=True  replans=155 nav_s= 8.90 collisions=3 reversals=32
  sample 53/60: arrived=True  replans=149 nav_s= 8.72 collisions=5 reversals=28
  sample 54/60: arrived=True  replans=138 nav_s= 8.08 collisions=2 reversals=17
  sample 55/60: arrived=True  replans=133 nav_s= 8.61 collisions=0 reversals=18
  sample 56/60: arrived=True  replans=166 nav_s=11.20 collisions=4 reversals=28
  sample 57/60: arrived=True  replans=116 nav_s= 6.77 collisions=2 reversals=10
  sample 58/60: arrived=True  replans=151 nav_s= 9.10 collisions=2 reversals=15
  sample 59/60: arrived=True  replans=142 nav_s= 8.14 collisions=1 reversals=23
  sample 60/60: arrived=True  replans=126 nav_s= 7.58 collisions=2 reversals=4

=== live grSim, scenario 1, prm planner, always trigger ===
  n = 60 trials (60 requested), obstacles 1.0 m/s, robot 1.5 m/s
  arrived 60/60
  replans    mean 127.53  sd  40.75  min  57.00  max 278.00
  nav s      mean   7.53  sd   2.62  min   2.96  max  17.32
  collisions mean   2.57  sd   1.49  min   0.00  max   7.00
  reversals  mean  16.53  sd  12.12  min   0.00  max  55.00

Saved 60 trial results to results/grsim_notrigger_prm_s1_n60.json
