[Multicast] joining 224.5.23.2 on 0.0.0.0
[Multicast] joined 224.5.23.2 on 0.0.0.0

visibility planner, scenario 1 (7 obstacles at 1.0 m/s), always trigger, robot 1.5 m/s
Running 60 discrete trials, seed 0, 30s timeout each.

  sample 1/60: arrived=True  replans= 61 nav_s= 3.14 collisions=3 reversals=0
  sample 2/60: arrived=True  replans= 65 nav_s= 3.55 collisions=3 reversals=0
  sample 3/60: arrived=True  replans=180 nav_s=11.92 collisions=2 reversals=0
  sample 4/60: arrived=True  replans= 72 nav_s= 3.89 collisions=3 reversals=0
  sample 5/60: arrived=True  replans= 74 nav_s= 3.75 collisions=3 reversals=0
  sample 6/60: arrived=True  replans=161 nav_s= 8.16 collisions=5 reversals=1
  sample 7/60: arrived=True  replans= 82 nav_s= 4.22 collisions=3 reversals=0
  sample 8/60: arrived=True  replans= 70 nav_s= 3.56 collisions=1 reversals=0
  sample 9/60: arrived=True  replans=100 nav_s= 5.11 collisions=2 reversals=0
  sample 10/60: arrived=True  replans= 75 nav_s= 3.78 collisions=1 reversals=0
  sample 11/60: arrived=True  replans=177 nav_s= 9.10 collisions=4 reversals=0
  sample 12/60: arrived=True  replans= 84 nav_s= 4.36 collisions=3 reversals=0
  sample 13/60: arrived=True  replans= 99 nav_s= 5.22 collisions=2 reversals=0
  sample 14/60: arrived=True  replans=299 nav_s=22.82 collisions=1 reversals=0
  sample 15/60: arrived=True  replans=127 nav_s= 7.44 collisions=3 reversals=0
  sample 16/60: arrived=True  replans=192 nav_s=17.96 collisions=4 reversals=0
  sample 17/60: arrived=True  replans=229 nav_s=22.20 collisions=4 reversals=2
  sample 18/60: arrived=True  replans=231 nav_s=18.63 collisions=2 reversals=1
  sample 19/60: arrived=True  replans=128 nav_s= 9.00 collisions=2 reversals=0
  sample 20/60: arrived=True  replans=178 nav_s=11.67 collisions=5 reversals=1
  sample 21/60: arrived=True  replans=248 nav_s=16.97 collisions=1 reversals=0
  sample 22/60: arrived=True  replans=142 nav_s= 9.35 collisions=9 reversals=0
  sample 23/60: arrived=True  replans=248 nav_s=18.95 collisions=4 reversals=0
  sample 24/60: arrived=True  replans=249 nav_s=18.27 collisions=3 reversals=0
  sample 25/60: arrived=True  replans=171 nav_s=13.96 collisions=1 reversals=0
  sample 26/60: arrived=True  replans=189 nav_s=13.87 collisions=5 reversals=0
  sample 27/60: arrived=True  replans=176 nav_s=13.38 collisions=4 reversals=1
  sample 28/60: arrived=True  replans=105 nav_s= 8.31 collisions=3 reversals=0
  sample 29/60: arrived=True  replans=153 nav_s=10.85 collisions=4 reversals=0
  sample 30/60: arrived=True  replans=302 nav_s=20.24 collisions=7 reversals=1
  sample 31/60: arrived=True  replans=156 nav_s=11.65 collisions=2 reversals=1
  sample 32/60: arrived=True  replans=146 nav_s= 9.77 collisions=3 reversals=0
  sample 33/60: arrived=True  replans= 99 nav_s= 5.37 collisions=2 reversals=0
  sample 34/60: arrived=True  replans= 87 nav_s= 5.11 collisions=3 reversals=0
  sample 35/60: arrived=True  replans=114 nav_s= 6.00 collisions=2 reversals=0
  sample 36/60: arrived=True  replans= 99 nav_s= 5.98 collisions=2 reversals=0
  sample 37/60: arrived=True  replans=172 nav_s=11.61 collisions=0 reversals=1
  sample 38/60: arrived=True  replans=149 nav_s=10.57 collisions=3 reversals=1
  sample 39/60: arrived=False replans=412 nav_s=30.07 collisions=1 reversals=1
  sample 40/60: arrived=True  replans=102 nav_s= 6.11 collisions=2 reversals=0
  sample 41/60: arrived=True  replans=186 nav_s=12.91 collisions=2 reversals=1
  sample 42/60: arrived=True  replans=220 nav_s=17.23 collisions=2 reversals=0
  sample 43/60: arrived=True  replans=241 nav_s=16.56 collisions=3 reversals=1
  sample 44/60: arrived=True  replans= 72 nav_s= 4.81 collisions=2 reversals=0
  sample 45/60: arrived=True  replans=289 nav_s=24.42 collisions=3 reversals=0
  sample 46/60: arrived=True  replans=151 nav_s=10.42 collisions=4 reversals=0
  sample 47/60: arrived=True  replans=342 nav_s=24.97 collisions=3 reversals=0
  sample 48/60: arrived=True  replans=260 nav_s=18.90 collisions=1 reversals=1
  sample 49/60: arrived=True  replans= 93 nav_s= 5.17 collisions=3 reversals=0
  sample 50/60: arrived=True  replans= 64 nav_s= 3.74 collisions=2 reversals=1
  sample 51/60: arrived=True  replans=159 nav_s= 9.38 collisions=1 reversals=1
  sample 52/60: arrived=True  replans=259 nav_s=21.54 collisions=3 reversals=1
  sample 53/60: arrived=True  replans=119 nav_s= 7.88 collisions=4 reversals=0
  sample 54/60: arrived=True  replans=249 nav_s=17.38 collisions=9 reversals=0
  sample 55/60: arrived=True  replans=156 nav_s=11.10 collisions=2 reversals=1
  sample 56/60: arrived=True  replans=309 nav_s=23.73 collisions=1 reversals=0
  sample 57/60: arrived=True  replans=171 nav_s=11.59 collisions=1 reversals=0
  sample 58/60: arrived=True  replans=168 nav_s=11.84 collisions=3 reversals=0
  sample 59/60: arrived=True  replans=187 nav_s=13.48 collisions=5 reversals=0
  sample 60/60: arrived=True  replans=112 nav_s= 7.28 collisions=5 reversals=0

=== live grSim, scenario 1, visibility planner, always trigger ===
  n = 60 trials (60 requested), obstacles 1.0 m/s, robot 1.5 m/s
  arrived 59/60
  replans    mean 166.83  sd  78.14  min  61.00  max 412.00
  nav s      mean  11.67  sd   6.61  min   3.14  max  30.07
  collisions mean   2.93  sd   1.73  min   0.00  max   9.00
  reversals  mean   0.30  sd   0.49  min   0.00  max   2.00

Saved 60 trial results to results/grsim_notrigger_visibility_s1_n60.json
