[Multicast] joining 224.5.23.2 on 0.0.0.0
[Multicast] joined 224.5.23.2 on 0.0.0.0

voronoi planner, scenario 1 (7 obstacles at 1.0 m/s), geometric trigger, robot 1.5 m/s
Running 100 discrete trials, seed 0, 30s timeout each.

  sample 1/100: arrived=True  replans=  7 nav_s= 7.07 collisions=0 reversals=0
  sample 2/100: arrived=True  replans=  3 nav_s= 6.29 collisions=0 reversals=0
  sample 3/100: arrived=True  replans=  5 nav_s= 6.52 collisions=0 reversals=0
  sample 4/100: arrived=True  replans= 25 nav_s= 6.62 collisions=1 reversals=2
  sample 5/100: arrived=True  replans= 34 nav_s= 7.72 collisions=4 reversals=0
  sample 6/100: arrived=True  replans= 17 nav_s= 6.88 collisions=2 reversals=2
  sample 7/100: arrived=True  replans=  5 nav_s= 4.96 collisions=0 reversals=0
  sample 8/100: arrived=True  replans=  5 nav_s= 6.63 collisions=0 reversals=0
  sample 9/100: arrived=True  replans=  9 nav_s= 9.38 collisions=0 reversals=1
  sample 10/100: arrived=True  replans= 22 nav_s= 8.01 collisions=1 reversals=1
  sample 11/100: arrived=True  replans=  7 nav_s= 6.48 collisions=0 reversals=0
  sample 12/100: arrived=True  replans=  3 nav_s= 7.54 collisions=0 reversals=0
  sample 13/100: arrived=True  replans=  4 nav_s= 8.21 collisions=0 reversals=0
  sample 14/100: arrived=True  replans= 10 nav_s= 8.56 collisions=0 reversals=0
  sample 15/100: arrived=True  replans=  4 nav_s= 7.35 collisions=0 reversals=0
  sample 16/100: arrived=True  replans= 78 nav_s= 8.56 collisions=6 reversals=4
  sample 17/100: arrived=True  replans= 42 nav_s= 7.89 collisions=3 reversals=1
  sample 18/100: arrived=True  replans=  6 nav_s= 9.24 collisions=0 reversals=0
  sample 19/100: arrived=True  replans= 15 nav_s= 7.65 collisions=0 reversals=0
  sample 20/100: arrived=True  replans= 10 nav_s= 7.54 collisions=0 reversals=0
  sample 21/100: arrived=True  replans=126 nav_s=14.33 collisions=9 reversals=9
  sample 22/100: arrived=True  replans= 19 nav_s= 9.76 collisions=1 reversals=3
  sample 23/100: arrived=True  replans= 81 nav_s= 5.77 collisions=2 reversals=0
  sample 24/100: arrived=True  replans= 17 nav_s= 6.37 collisions=0 reversals=0
  sample 25/100: arrived=True  replans= 63 nav_s= 7.33 collisions=5 reversals=2
  sample 26/100: arrived=True  replans=  3 nav_s= 8.17 collisions=0 reversals=0
  sample 27/100: arrived=True  replans= 13 nav_s= 7.42 collisions=0 reversals=0
  sample 28/100: arrived=True  replans=  5 nav_s= 7.47 collisions=0 reversals=0
  sample 29/100: arrived=True  replans= 22 nav_s= 7.29 collisions=0 reversals=0
  sample 30/100: arrived=True  replans=  5 nav_s= 6.83 collisions=0 reversals=0
  sample 31/100: arrived=True  replans= 40 nav_s= 3.79 collisions=0 reversals=0
  sample 32/100: arrived=True  replans= 44 nav_s= 5.94 collisions=0 reversals=0
  sample 33/100: arrived=True  replans= 13 nav_s= 8.42 collisions=1 reversals=0
  sample 34/100: arrived=True  replans=  4 nav_s= 8.51 collisions=0 reversals=0
  sample 35/100: arrived=True  replans=  5 nav_s= 6.68 collisions=0 reversals=0
  sample 36/100: arrived=True  replans=  4 nav_s= 6.79 collisions=0 reversals=0
  sample 37/100: arrived=True  replans= 40 nav_s= 6.54 collisions=2 reversals=0
  sample 38/100: arrived=True  replans= 17 nav_s=15.09 collisions=1 reversals=1
  sample 39/100: arrived=True  replans=  4 nav_s= 5.97 collisions=0 reversals=0
  sample 40/100: arrived=True  replans= 17 nav_s= 7.81 collisions=0 reversals=0
  sample 41/100: arrived=True  replans= 34 nav_s=10.09 collisions=2 reversals=1
  sample 42/100: arrived=True  replans=  3 nav_s= 8.04 collisions=0 reversals=0
  sample 43/100: arrived=True  replans=  3 nav_s= 6.94 collisions=0 reversals=0
  sample 44/100: arrived=True  replans=  4 nav_s= 6.79 collisions=0 reversals=2
  sample 45/100: arrived=True  replans=  4 nav_s= 6.38 collisions=0 reversals=0
  sample 46/100: arrived=True  replans=  7 nav_s= 6.58 collisions=0 reversals=0
  sample 47/100: arrived=True  replans= 15 nav_s=10.93 collisions=0 reversals=0
  sample 48/100: arrived=True  replans= 59 nav_s=10.24 collisions=5 reversals=2
  sample 49/100: arrived=True  replans= 13 nav_s= 7.70 collisions=0 reversals=0
  sample 50/100: arrived=True  replans= 26 nav_s= 9.33 collisions=1 reversals=2
  sample 51/100: arrived=True  replans= 30 nav_s= 9.12 collisions=2 reversals=1
  sample 52/100: arrived=True  replans= 73 nav_s= 6.74 collisions=3 reversals=1
  sample 53/100: arrived=True  replans=  4 nav_s= 9.47 collisions=0 reversals=0
  sample 54/100: arrived=True  replans=  5 nav_s= 6.44 collisions=0 reversals=0
  sample 55/100: arrived=True  replans=  4 nav_s= 5.89 collisions=0 reversals=0
  sample 56/100: arrived=True  replans=  5 nav_s=10.20 collisions=0 reversals=0
  sample 57/100: arrived=True  replans=  3 nav_s= 4.81 collisions=0 reversals=0
  sample 58/100: arrived=True  replans=  5 nav_s= 6.15 collisions=0 reversals=0
  sample 59/100: arrived=True  replans=  4 nav_s= 7.80 collisions=0 reversals=0
  sample 60/100: arrived=True  replans= 35 nav_s=11.52 collisions=2 reversals=4
  sample 61/100: arrived=True  replans= 14 nav_s= 8.65 collisions=0 reversals=1
  sample 62/100: arrived=True  replans= 50 nav_s=12.14 collisions=5 reversals=5
  sample 63/100: arrived=True  replans= 30 nav_s= 6.97 collisions=3 reversals=1
  sample 64/100: arrived=True  replans=  5 nav_s= 6.26 collisions=0 reversals=0
  sample 65/100: arrived=True  replans= 16 nav_s=10.36 collisions=1 reversals=2
  sample 66/100: arrived=True  replans=  3 nav_s= 5.10 collisions=0 reversals=0
  sample 67/100: arrived=True  replans=  5 nav_s= 6.93 collisions=0 reversals=0
  sample 68/100: arrived=True  replans=  5 nav_s= 6.46 collisions=0 reversals=0
  sample 69/100: arrived=True  replans=  8 nav_s= 8.49 collisions=1 reversals=0
  sample 70/100: arrived=True  replans= 51 nav_s=10.92 collisions=3 reversals=2
  sample 71/100: arrived=True  replans= 32 nav_s= 7.73 collisions=0 reversals=0
  sample 72/100: arrived=True  replans= 49 nav_s= 8.95 collisions=3 reversals=0
  sample 73/100: arrived=True  replans=  4 nav_s= 8.39 collisions=0 reversals=0
  sample 74/100: arrived=True  replans= 23 nav_s=10.01 collisions=1 reversals=1
  sample 75/100: arrived=True  replans=  8 nav_s= 8.94 collisions=0 reversals=0
  sample 76/100: arrived=True  replans=  7 nav_s= 7.12 collisions=1 reversals=0
  sample 77/100: arrived=True  replans=  6 nav_s= 7.28 collisions=0 reversals=0
  sample 78/100: arrived=True  replans= 25 nav_s= 9.62 collisions=2 reversals=2
  sample 79/100: arrived=True  replans=  2 nav_s= 8.59 collisions=0 reversals=0
  sample 80/100: arrived=True  replans= 66 nav_s= 5.71 collisions=2 reversals=0
  sample 81/100: arrived=True  replans= 13 nav_s= 9.86 collisions=1 reversals=2
  sample 82/100: arrived=True  replans=  3 nav_s= 6.58 collisions=0 reversals=0
  sample 83/100: arrived=True  replans= 13 nav_s= 7.78 collisions=0 reversals=0
  sample 84/100: arrived=True  replans= 10 nav_s= 7.94 collisions=0 reversals=2
  sample 85/100: arrived=True  replans= 63 nav_s= 5.92 collisions=1 reversals=1
  sample 86/100: arrived=True  replans=  4 nav_s= 9.39 collisions=0 reversals=0
  sample 87/100: arrived=True  replans= 40 nav_s=10.05 collisions=2 reversals=3
  sample 88/100: arrived=False replans=  1 nav_s=30.04 collisions=0 reversals=0
  sample 89/100: arrived=False replans=  1 nav_s=30.04 collisions=0 reversals=0
  sample 90/100: arrived=False replans=  1 nav_s=30.04 collisions=0 reversals=0
  sample 91/100: arrived=False replans=  1 nav_s=30.02 collisions=0 reversals=0
  sample 92/100: arrived=False replans=  1 nav_s=30.05 collisions=0 reversals=0
  sample 93/100: arrived=False replans=  1 nav_s=30.01 collisions=0 reversals=0
  sample 94/100: arrived=False replans=  1 nav_s=30.01 collisions=0 reversals=0
  sample 95/100: arrived=False replans=  1 nav_s=30.02 collisions=0 reversals=0
  sample 96/100: arrived=False replans=  1 nav_s=30.04 collisions=0 reversals=0
  sample 97/100: arrived=False replans=  1 nav_s=30.04 collisions=0 reversals=0
  sample 98/100: arrived=False replans=  1 nav_s=30.03 collisions=0 reversals=0
  sample 99/100: arrived=False replans=  1 nav_s=30.00 collisions=0 reversals=0
  sample 100/100: arrived=False replans=  1 nav_s=30.03 collisions=0 reversals=0

=== live grSim, scenario 1, voronoi planner, geometric trigger ===
  n = 100 trials (100 requested), obstacles 1.0 m/s, robot 1.5 m/s
  arrived 87/100
  replans    mean  17.57  sd  22.17  min   1.00  max 126.00
  nav s      mean  10.79  sd   7.64  min   3.79  max  30.05
  collisions mean   0.79  sd   1.54  min   0.00  max   9.00
  reversals  mean   0.61  sd   1.32  min   0.00  max   9.00

Saved 100 trial results to results/grsim_voronoi_s1_n100.json
